[36mvite v6.3.5 [32mbuilding for production...[36m[39m
transforming...
[32mΓ£ô[39m 2979 modules transformed.
rendering chunks...
npx : [33m[esbuild css minify]
At line:1 char:49
+ ...  Management Software"; npx vite build 2>&1 > build_errors.txt; Get-Co ...
+                            ~~~~~~~~~~~~~~~~~~~~~~~~~~~~~~~~~~~~~~
    + CategoryInfo          : NotSpecified: ([33m[esbuild css minify]:String)  
   [], RemoteException
    + FullyQualifiedErrorId : NativeCommandError
 
Γû▓ [WARNING] Expected ":" [css-syntax-error]

    <stdin>:4141:77:
      4141 Γöé ... - s c r o l l b a r : : - w e b k i t - s c r o l l b a r  
 { 
           Γöé                                                                  
 ^
           Γò╡                                                                  
 :


Γû▓ [WARNING] Expected ":" [css-syntax-error]

    <stdin>:4142:27:
      4142 Γöé      w i d t h :   5 p x ; 
           Γöé                            ^
           Γò╡                            :


Γû▓ [WARNING] Expected ":" [css-syntax-error]

    <stdin>:4144:89:
      4144 Γöé ... l b a r : : - w e b k i t - s c r o l l b a r - t r a c k  
 { 
           Γöé                                                                  
 ^
           Γò╡                                                                  
 :


Γû▓ [WARNING] Expected ":" [css-syntax-error]

    <stdin>:4145:53:
      4145 Γöé      b a c k g r o u n d :   t r a n s p a r e n t ; 
           Γöé                                                      ^
           Γò╡                                                      :


Γû▓ [WARNING] Expected ":" [css-syntax-error]

    <stdin>:4147:89:
      4147 Γöé ... l b a r : : - w e b k i t - s c r o l l b a r - t h u m b  
 { 
           Γöé                                                                  
 ^
           Γò╡                                                                  
 :


Γû▓ [WARNING] Expected ":" [css-syntax-error]

    <stdin>:4148:79:
      4148 Γöé ... o u n d :   r g b a ( 2 5 5 ,   2 5 5 ,   2 5 5 ,  
 0 . 1 ) ; 
           Γöé                                                                  
 ^
           Γò╡                                                                  
 :


Γû▓ [WARNING] Expected ":" [css-syntax-error]

    <stdin>:4149:45:
      4149 Γöé      b o r d e r - r a d i u s :   1 0 p x ; 
           Γöé                                              ^
           Γò╡                                              :


Γû▓ [WARNING] Expected ":" [css-syntax-error]

    <stdin>:4151:101:
      4151 Γöé ... - w e b k i t - s c r o l l b a r - t h u m b : h o v e r  
 { 
           Γöé                                                                  
 ^
           Γò╡                                                                  
 :


Γû▓ [WARNING] Expected ":" [css-syntax-error]

    <stdin>:4152:79:
      4152 Γöé ... o u n d :   r g b a ( 2 5 5 ,   2 5 5 ,   2 5 5 ,  
 0 . 2 ) ; 
           Γöé                                                                  
 ^
           Γò╡                                                                  
 :


Γû▓ [WARNING] Expected "{" but found end of file [css-syntax-error]

    <stdin>:4156:1:
      4156 Γöé  
           Γöé  ^
           Γò╡  {

[39m
computing gzip size...
[2mbuild/[22m[32mindex.html                          [39m[1m[2m    0.45 kB[22m[1m[22m[2m Γöé gzip:   0.29 kB[22m
[2mbuild/[22m[32massets/logo-D3lUk0n0.png            [39m[1m[2m   51.31 kB[22m[1m[22m
[2mbuild/[22m[35massets/index-Ct9E-7lp.css           [39m[1m[2m   90.00 kB[22m[1m[22m[2m Γöé gzip:  12.18 kB[22m
[2mbuild/[22m[36massets/purify.es-BgtpMKW3.js        [39m[1m[2m   22.77 kB[22m[1m[22m[2m Γöé gzip:   8.79 kB[22m
[2mbuild/[22m[36massets/index.es-pJe9r6hl.js         [39m[1m[2m  159.59 kB[22m[1m[22m[2m Γöé gzip:  53.51 kB[22m
[2mbuild/[22m[36massets/html2canvas.esm-B0tyYwQk.js  [39m[1m[2m  202.36 kB[22m[1m[22m[2m Γöé gzip:  48.04 kB[22m
[2mbuild/[22m[36massets/index-GeD6ujbv.js            [39m[1m[33m2,604.69 kB[39m[22m[2m Γöé gzip: 661.41 kB[22m
[33m
(!) Some chunks are larger than 500 kB after minification. Consider:
- Using dynamic import() to code-split the application
- Use build.rollupOptions.output.manualChunks to improve chunking: 
https://rollupjs.org/configuration-options/#output-manualchunks
- Adjust chunk size limit for this warning via build.chunkSizeWarningLimit.[39m
[32mΓ£ô built in 11.98s[39m
